// Jest Snapshot v1, https://goo.gl/fbAQLP

exports[`FeedbackReaction Component should match snapshot 1`] = `
<DocumentFragment>
  <div
    class="Feedback-reaction-component  "
    data-testid="feedback-reaction"
  >
    <h3
      data-testid="feedBackReaction-title"
    >
       Awesome
    </h3>
    <img
      alt="awesome_face"
      class="Feedback-reaction-image"
      src="awesome_face"
    />
  </div>
</DocumentFragment>
`;
