// Jest Snapshot v1, https://goo.gl/fbAQLP

exports[`PulserMessages component should match snapshot 1`] = `
<DocumentFragment>
  <div
    class="Pulser-messages-container"
  >
    <div
      class="Pulser-message-container"
    >
      <div
        class="Title-image-reaction-container"
      >
        <div
          class="Reaction-title"
          data-testid="reaction-title"
        >
          <h3>
             Awesome
          </h3>
        </div>
        <div>
          <img
            alt="awesome_face"
            class="Reaction-image"
            src="awesome_face.png"
          />
        </div>
      </div>
      <div
        class="Reaction-message"
        data-testid="reaction-message"
      >
        <p>
          having a great time!
        </p>
      </div>
    </div>
  </div>
  <div
    class="Pulser-messages-container"
  >
    <div
      class="Pulser-message-container"
    >
      <div
        class="Title-image-reaction-container"
      >
        <div
          class="Reaction-title"
          data-testid="reaction-title"
        >
          <h3>
             Happy
          </h3>
        </div>
        <div>
          <img
            alt="happy_face"
            class="Reaction-image"
            src="happy_face.png"
          />
        </div>
      </div>
      <div
        class="Reaction-message"
        data-testid="reaction-message"
      >
        <p>
          this is really nice
        </p>
      </div>
    </div>
  </div>
  <div
    class="Pulser-messages-container"
  >
    <div
      class="Pulser-message-container"
    >
      <div
        class="Title-image-reaction-container"
      >
        <div
          class="Reaction-title"
          data-testid="reaction-title"
        >
          <h3>
             Sad
          </h3>
        </div>
        <div>
          <img
            alt="sad_face"
            class="Reaction-image"
            src="sad_face.png"
          />
        </div>
      </div>
      <div
        class="Reaction-message"
        data-testid="reaction-message"
      >
        <p>
          well... not so good
        </p>
      </div>
    </div>
  </div>
  <div
    class="Pulser-messages-container"
  >
    <div
      class="Pulser-message-container"
    >
      <div
        class="Title-image-reaction-container"
      >
        <div
          class="Reaction-title"
          data-testid="reaction-title"
        >
          <h3>
             Angry
          </h3>
        </div>
        <div>
          <img
            alt="angry_face"
            class="Reaction-image"
            src="angry_face.png"
          />
        </div>
      </div>
      <div
        class="Reaction-message"
        data-testid="reaction-message"
      >
        <p>
          not good at all, not gonna lie
        </p>
      </div>
    </div>
  </div>
</DocumentFragment>
`;
