// Jest Snapshot v1, https://goo.gl/fbAQLP

exports[`PulserMessage component should match snapshot 1`] = `
<DocumentFragment>
  <div
    class="Pulser-message"
  >
    <div
      class="Title-image-reaction"
    >
      <div
        class="Reaction-title"
        data-testid="reaction-title"
      >
        <span>
           Happy
        </span>
      </div>
      <div
        class="Reaction-image"
      >
        <img
          alt="happy_face"
          src="happy_face.png"
        />
      </div>
    </div>
    <div
      class="Reaction-message"
      data-testid="reaction-message"
    >
      <p>
         First message 
      </p>
    </div>
  </div>
</DocumentFragment>
`;
