// Jest Snapshot v1, https://goo.gl/fbAQLP

exports[`PulserMessage component should match snapshot 1`] = `
<DocumentFragment>
  <div
    class="Pulser-message-container"
  >
    <div
      class="Title-image-reaction-container"
    >
      <div
        class="Reaction-title"
        data-testid="reaction-title"
      >
        <h3>
           Awesome
        </h3>
      </div>
      <div>
        <img
          alt="awesome_face"
          class="Reaction-image"
          src="awesome_face"
        />
      </div>
    </div>
    <div
      class="Reaction-message"
      data-testid="reaction-message"
    >
      <p>
        having a great time!
      </p>
    </div>
  </div>
</DocumentFragment>
`;
