// Jest Snapshot v1, https://goo.gl/fbAQLP

exports[`PulserFeed Page structure should match snapshot 1`] = `
<DocumentFragment>
  <div
    class="Pulser-feed"
  >
    <header
      class="Pulser-feed-header"
      data-testid="pulser-feed"
    >
      <h1>
         Pulser Feed
      </h1>
    </header>
  </div>
</DocumentFragment>
`;
