// Jest Snapshot v1, https://goo.gl/fbAQLP

exports[`PulserFeed Page structure should match snapshot 1`] = `
<DocumentFragment>
  <div
    class="Pulser-feed"
  >
    <header
      class="Pulser-feed-header"
      data-testid="pulser-feed"
    >
      <h1>
         Pulser Feed
      </h1>
    </header>
    <p
      data-testid="pulser-no-data-message"
    >
      No Feedback message has been shared with us! Be the first to share your thoughts with us so that we can improve our services as we move forward!
    </p>
    <div>
      <button
        class="Button"
        data-testid="button"
        name="Back to landing"
      >
        Back to landing
      </button>
    </div>
  </div>
</DocumentFragment>
`;
