// Jest Snapshot v1, https://goo.gl/fbAQLP

exports[`PulserFeed Page structure should match snapshot 1`] = `
<DocumentFragment>
  <div
    class="Pulser-feed"
  >
    <header
      class="Pulser-feed-header"
      data-testid="pulser-feed"
    >
      <h1>
         Pulser Feed
      </h1>
    </header>
    <div
      class="Pulser-messages-container"
    >
      <div
        class="Pulser-message-container"
      >
        <div
          class="Title-image-reaction-container"
        >
          <div
            class="Reaction-title"
            data-testid="reaction-title"
          >
            <h3>
               Awesome
            </h3>
          </div>
          <div>
            <img
              alt="awesome_face"
              class="Reaction-image"
              src="awesome_face.png"
            />
          </div>
        </div>
        <div
          class="Reaction-message"
          data-testid="reaction-message"
        >
          <p>
            having a great time!
          </p>
        </div>
      </div>
    </div>
    <div
      class="Pulser-messages-container"
    >
      <div
        class="Pulser-message-container"
      >
        <div
          class="Title-image-reaction-container"
        >
          <div
            class="Reaction-title"
            data-testid="reaction-title"
          >
            <h3>
               Happy
            </h3>
          </div>
          <div>
            <img
              alt="happy_face"
              class="Reaction-image"
              src="happy_face.png"
            />
          </div>
        </div>
        <div
          class="Reaction-message"
          data-testid="reaction-message"
        >
          <p>
            this is really nice
          </p>
        </div>
      </div>
    </div>
    <div
      class="Pulser-messages-container"
    >
      <div
        class="Pulser-message-container"
      >
        <div
          class="Title-image-reaction-container"
        >
          <div
            class="Reaction-title"
            data-testid="reaction-title"
          >
            <h3>
               Sad
            </h3>
          </div>
          <div>
            <img
              alt="sad_face"
              class="Reaction-image"
              src="sad_face.png"
            />
          </div>
        </div>
        <div
          class="Reaction-message"
          data-testid="reaction-message"
        >
          <p>
            well... not so good
          </p>
        </div>
      </div>
    </div>
    <div
      class="Pulser-messages-container"
    >
      <div
        class="Pulser-message-container"
      >
        <div
          class="Title-image-reaction-container"
        >
          <div
            class="Reaction-title"
            data-testid="reaction-title"
          >
            <h3>
               Awful
            </h3>
          </div>
          <div>
            <img
              alt="awful_face"
              class="Reaction-image"
              src="awful_face.png"
            />
          </div>
        </div>
        <div
          class="Reaction-message"
          data-testid="reaction-message"
        >
          <p>
            not good at all, not gonna lie
          </p>
        </div>
      </div>
    </div>
  </div>
</DocumentFragment>
`;
