// Jest Snapshot v1, https://goo.gl/fbAQLP

exports[`Reactions Component should match snapshot 1`] = `
<DocumentFragment>
  <div
    class="Reactions-container"
    data-testid="reactions"
  >
    <div>
      <div
        class="Feedback-reaction-component  "
        data-testid="feedback-reaction"
      >
        <h3
          data-testid="feedBackReaction-title"
        >
           Awesome
        </h3>
        <img
          alt="awesome_face"
          class="Feedback-reaction-image"
          src="awesome_face.png"
        />
      </div>
    </div>
    <div>
      <div
        class="Feedback-reaction-component  "
        data-testid="feedback-reaction"
      >
        <h3
          data-testid="feedBackReaction-title"
        >
           Happy
        </h3>
        <img
          alt="happy_face"
          class="Feedback-reaction-image"
          src="happy_face.png"
        />
      </div>
    </div>
    <div>
      <div
        class="Feedback-reaction-component  "
        data-testid="feedback-reaction"
      >
        <h3
          data-testid="feedBackReaction-title"
        >
           Sad
        </h3>
        <img
          alt="sad_face"
          class="Feedback-reaction-image"
          src="sad_face.png"
        />
      </div>
    </div>
    <div>
      <div
        class="Feedback-reaction-component  "
        data-testid="feedback-reaction"
      >
        <h3
          data-testid="feedBackReaction-title"
        >
           Awful
        </h3>
        <img
          alt="awful_face"
          class="Feedback-reaction-image"
          src="awful_face.png"
        />
      </div>
    </div>
  </div>
</DocumentFragment>
`;
