// Jest Snapshot v1, https://goo.gl/fbAQLP

exports[`Main Page full user flow should match snapshot 1`] = `
<DocumentFragment>
  <div
    class="Main"
    data-testid="main-page"
  >
    <header
      class="Main-header"
    >
      <h1
        data-testid="main-header"
      >
         How are you feeling today? 
      </h1>
    </header>
    <div>
      <div
        class="Reactions-container"
        data-testid="reactions"
      >
        <div>
          <div
            class="Feedback-reaction-component  "
            data-testid="feedback-reaction"
          >
            <h3
              data-testid="feedBackReaction-title"
            >
               Awesome
            </h3>
            <img
              alt="awesome_face"
              class="Feedback-reaction-image"
              src="awesome_face.png"
            />
          </div>
        </div>
        <div>
          <div
            class="Feedback-reaction-component  "
            data-testid="feedback-reaction"
          >
            <h3
              data-testid="feedBackReaction-title"
            >
               Happy
            </h3>
            <img
              alt="happy_face"
              class="Feedback-reaction-image"
              src="happy_face.png"
            />
          </div>
        </div>
        <div>
          <div
            class="Feedback-reaction-component  "
            data-testid="feedback-reaction"
          >
            <h3
              data-testid="feedBackReaction-title"
            >
               Sad
            </h3>
            <img
              alt="sad_face"
              class="Feedback-reaction-image"
              src="sad_face.png"
            />
          </div>
        </div>
        <div>
          <div
            class="Feedback-reaction-component  "
            data-testid="feedback-reaction"
          >
            <h3
              data-testid="feedBackReaction-title"
            >
               Angry
            </h3>
            <img
              alt="angry_face"
              class="Feedback-reaction-image"
              src="angry_face.png"
            />
          </div>
        </div>
      </div>
      <div>
        <textarea
          cols="80"
          data-testid="textarea-field"
          placeholder="Write here any additional feedback"
          rows="4"
        />
      </div>
      <div>
        <button
          data-testid="button"
          disabled=""
          name="Submit"
        >
          Submit
        </button>
      </div>
    </div>
  </div>
</DocumentFragment>
`;

exports[`Main Page structure should match snapshot 1`] = `
<DocumentFragment>
  <div
    class="Main"
    data-testid="main-page"
  >
    <header
      class="Main-header"
    >
      <h1
        data-testid="main-header"
      >
         How are you feeling today? 
      </h1>
    </header>
    <div>
      <div
        class="Reactions-container"
        data-testid="reactions"
      >
        <div>
          <div
            class="Feedback-reaction-component  "
            data-testid="feedback-reaction"
          >
            <h3
              data-testid="feedBackReaction-title"
            >
               Awesome
            </h3>
            <img
              alt="awesome_face"
              class="Feedback-reaction-image"
              src="awesome_face.png"
            />
          </div>
        </div>
        <div>
          <div
            class="Feedback-reaction-component  "
            data-testid="feedback-reaction"
          >
            <h3
              data-testid="feedBackReaction-title"
            >
               Happy
            </h3>
            <img
              alt="happy_face"
              class="Feedback-reaction-image"
              src="happy_face.png"
            />
          </div>
        </div>
        <div>
          <div
            class="Feedback-reaction-component  "
            data-testid="feedback-reaction"
          >
            <h3
              data-testid="feedBackReaction-title"
            >
               Sad
            </h3>
            <img
              alt="sad_face"
              class="Feedback-reaction-image"
              src="sad_face.png"
            />
          </div>
        </div>
        <div>
          <div
            class="Feedback-reaction-component  "
            data-testid="feedback-reaction"
          >
            <h3
              data-testid="feedBackReaction-title"
            >
               Angry
            </h3>
            <img
              alt="angry_face"
              class="Feedback-reaction-image"
              src="angry_face.png"
            />
          </div>
        </div>
      </div>
      <div>
        <textarea
          cols="80"
          data-testid="textarea-field"
          placeholder="Write here any additional feedback"
          rows="4"
        />
      </div>
      <div>
        <button
          data-testid="button"
          disabled=""
          name="Submit"
        >
          Submit
        </button>
      </div>
    </div>
  </div>
</DocumentFragment>
`;

exports[`Router testing should match snapshot 1`] = `
<DocumentFragment>
  <div
    class="Main"
    data-testid="main-page"
  >
    <header
      class="Main-header"
    >
      <h1
        data-testid="main-header"
      >
         How are you feeling today? 
      </h1>
    </header>
    <div>
      <div
        class="Reactions-container"
        data-testid="reactions"
      >
        <div>
          <div
            class="Feedback-reaction-component  "
            data-testid="feedback-reaction"
          >
            <h3
              data-testid="feedBackReaction-title"
            >
               Awesome
            </h3>
            <img
              alt="awesome_face"
              class="Feedback-reaction-image"
              src="awesome_face.png"
            />
          </div>
        </div>
        <div>
          <div
            class="Feedback-reaction-component  "
            data-testid="feedback-reaction"
          >
            <h3
              data-testid="feedBackReaction-title"
            >
               Happy
            </h3>
            <img
              alt="happy_face"
              class="Feedback-reaction-image"
              src="happy_face.png"
            />
          </div>
        </div>
        <div>
          <div
            class="Feedback-reaction-component  "
            data-testid="feedback-reaction"
          >
            <h3
              data-testid="feedBackReaction-title"
            >
               Sad
            </h3>
            <img
              alt="sad_face"
              class="Feedback-reaction-image"
              src="sad_face.png"
            />
          </div>
        </div>
        <div>
          <div
            class="Feedback-reaction-component  "
            data-testid="feedback-reaction"
          >
            <h3
              data-testid="feedBackReaction-title"
            >
               Angry
            </h3>
            <img
              alt="angry_face"
              class="Feedback-reaction-image"
              src="angry_face.png"
            />
          </div>
        </div>
      </div>
      <div>
        <textarea
          cols="80"
          data-testid="textarea-field"
          placeholder="Write here any additional feedback"
          rows="4"
        />
      </div>
      <div>
        <button
          data-testid="button"
          disabled=""
          name="Submit"
        >
          Submit
        </button>
      </div>
    </div>
  </div>
</DocumentFragment>
`;

exports[`WIP ROUTER TESTING should match snapshot 1`] = `
<DocumentFragment>
  <div
    class="Main"
    data-testid="main-page"
  >
    <header
      class="Main-header"
    >
      <h1
        data-testid="main-header"
      >
         How are you feeling today? 
      </h1>
    </header>
    <div>
      <div
        class="Reactions-container"
        data-testid="reactions"
      >
        <div>
          <div
            class="Feedback-reaction-component  "
            data-testid="feedback-reaction"
          >
            <h3
              data-testid="feedBackReaction-title"
            >
               Awesome
            </h3>
            <img
              alt="awesome_face"
              class="Feedback-reaction-image"
              src="awesome_face.png"
            />
          </div>
        </div>
        <div>
          <div
            class="Feedback-reaction-component  "
            data-testid="feedback-reaction"
          >
            <h3
              data-testid="feedBackReaction-title"
            >
               Happy
            </h3>
            <img
              alt="happy_face"
              class="Feedback-reaction-image"
              src="happy_face.png"
            />
          </div>
        </div>
        <div>
          <div
            class="Feedback-reaction-component  "
            data-testid="feedback-reaction"
          >
            <h3
              data-testid="feedBackReaction-title"
            >
               Sad
            </h3>
            <img
              alt="sad_face"
              class="Feedback-reaction-image"
              src="sad_face.png"
            />
          </div>
        </div>
        <div>
          <div
            class="Feedback-reaction-component  "
            data-testid="feedback-reaction"
          >
            <h3
              data-testid="feedBackReaction-title"
            >
               Angry
            </h3>
            <img
              alt="angry_face"
              class="Feedback-reaction-image"
              src="angry_face.png"
            />
          </div>
        </div>
      </div>
      <div>
        <textarea
          cols="80"
          data-testid="textarea-field"
          placeholder="Write here any additional feedback"
          rows="4"
        />
      </div>
      <div>
        <button
          data-testid="button"
          disabled=""
          name="Submit"
        >
          Submit
        </button>
      </div>
    </div>
  </div>
</DocumentFragment>
`;
